nohup: ignoring input
/home/jrkim/cartpole_env/lib/python3.12/site-packages/pygame/pkgdata.py:25: UserWarning: pkg_resources is deprecated as an API. See https://setuptools.pypa.io/en/latest/pkg_resources.html. The pkg_resources package is slated for removal as early as 2025-11-30. Refrain from using this package or pin to Setuptools<81.
  from pkg_resources import resource_stream, resource_exists

##################################################
# 조건: A: 180도
##################################################

==================================================
시작 각도: 180도 | 1000에피소드 | seed=42
==================================================
마킹 데이터 34개 불러옴
PINN 모델 로드 완료

  [시작각도=180도] 1000에피소드 학습...
    ep=100 | 전환성공률=0%/100
    ep=200 | 전환성공률=0%/100
    ep=300 | 전환성공률=0%/100
    ep=400 | 전환성공률=0%/100
    ep=500 | 전환성공률=0%/100
    ep=600 | 전환성공률=0%/100
    ep=700 | 전환성공률=0%/100
    ep=800 | 전환성공률=0%/100
    ep=900 | 전환성공률=0%/100
    ep=1000 | 전환성공률=0%/100
  → 저장: stage_180_angle180.pth
  → 최종 전환성공률: 0.0%

[시작각도=180도] 최종 전환성공률: 0.0%

##################################################
# 조건: B: 135도
##################################################

==================================================
시작 각도: 135도 | 1000에피소드 | seed=42
==================================================
마킹 데이터 34개 불러옴
PINN 모델 로드 완료

  [시작각도=135도] 1000에피소드 학습...
    ep=100 | 전환성공률=30%/100
    ep=200 | 전환성공률=94%/100
    ep=300 | 전환성공률=84%/100
    ep=400 | 전환성공률=99%/100
    ep=500 | 전환성공률=99%/100
    ep=600 | 전환성공률=99%/100
    ep=700 | 전환성공률=98%/100
    ep=800 | 전환성공률=100%/100
    ep=900 | 전환성공률=98%/100
    ep=1000 | 전환성공률=100%/100
  → 저장: stage_135_angle135.pth
  → 최종 전환성공률: 90.1%

[시작각도=135도] 최종 전환성공률: 90.1%

##################################################
# 조건: C: 0도
##################################################

==================================================
시작 각도: 0도 | 1000에피소드 | seed=42
==================================================
마킹 데이터 34개 불러옴
PINN 모델 로드 완료

  [시작각도=0도] 1000에피소드 학습...
    ep=100 | 전환성공률=100%/100
    ep=200 | 전환성공률=100%/100
    ep=300 | 전환성공률=100%/100
    ep=400 | 전환성공률=100%/100
    ep=500 | 전환성공률=100%/100
    ep=600 | 전환성공률=100%/100
    ep=700 | 전환성공률=100%/100
    ep=800 | 전환성공률=100%/100
    ep=900 | 전환성공률=100%/100
    ep=1000 | 전환성공률=100%/100
  → 저장: stage_0_angle0.pth
  → 최종 전환성공률: 100.0%

[시작각도=0도] 최종 전환성공률: 100.0%

그래프 저장: init_angle_comparison.png

==================================================
A: 180도: 최종 0.0% | 전체 0회
B: 135도: 최종 100.0% | 전체 901회
C: 0도: 최종 100.0% | 전체 1000회
