nohup: ignoring input
=======================================================
180도 PINN 파인튜닝 (curriculum_marking.pth 기반)
=======================================================

[1] SAC only (파인튜닝)
  모델 불러옴: curriculum_marking.pth

  180도 파인튜닝 (500에피소드)
  PINN: False | Context: False
  IMAGINARY_K: 10
  ep=100 | 전환성공률=7.0%/100
  ep=200 | 전환성공률=0.0%/100
  ep=300 | 전환성공률=0.0%/100
  ep=400 | 전환성공률=0.0%/100
  ep=500 | 전환성공률=0.0%/100
  → 최종 성공률: 0.0% | 저장: pinn_180_finetune_sac.pth

[2] PINN + SAC (파인튜닝)
  모델 불러옴: curriculum_marking.pth
  PINN 로드 완료!

  180도 파인튜닝 (500에피소드)
  PINN: True | Context: False
  IMAGINARY_K: 10
