nohup: ignoring input
/home/jrkim/cartpole_env/lib/python3.12/site-packages/pygame/pkgdata.py:25: UserWarning: pkg_resources is deprecated as an API. See https://setuptools.pypa.io/en/latest/pkg_resources.html. The pkg_resources package is slated for removal as early as 2025-11-30. Refrain from using this package or pin to Setuptools<81.
  from pkg_resources import resource_stream, resource_exists
/home/jrkim/cartpole_project/curriculum_pinn.py:520: UserWarning: Glyph 44592 (\N{HANGUL SYLLABLE GI}) missing from font(s) DejaVu Sans.
  plt.tight_layout()
/home/jrkim/cartpole_project/curriculum_pinn.py:520: UserWarning: Glyph 48376 (\N{HANGUL SYLLABLE BON}) missing from font(s) DejaVu Sans.
  plt.tight_layout()
/home/jrkim/cartpole_project/curriculum_pinn.py:521: UserWarning: Glyph 44592 (\N{HANGUL SYLLABLE GI}) missing from font(s) DejaVu Sans.
  plt.savefig('/home/jrkim/cartpole_project/pinn_curriculum_comparison.png',
/home/jrkim/cartpole_project/curriculum_pinn.py:521: UserWarning: Glyph 48376 (\N{HANGUL SYLLABLE BON}) missing from font(s) DejaVu Sans.
  plt.savefig('/home/jrkim/cartpole_project/pinn_curriculum_comparison.png',

==================================================
PINN + Curriculum + Context DB 비교 실험
==================================================

[1] 기본 SAC

========================================
=== 기본 SAC Curriculum Learning ===
========================================

[1단계] stage_45_baseline_base.pth 불러옴 → 건너뜀

[2단계] stage_90_baseline_base.pth 불러옴 → 건너뜀

[3단계] stage_135_baseline_base.pth 불러옴 → 건너뜀

[4단계] stage_180_baseline_base.pth 불러옴 → 건너뜀

최종 저장: curriculum_baseline_base.pth

[2] PINN + SAC
PINN 모델 로드 완료

========================================
=== 기본 SAC Curriculum Learning ===
========================================

[1단계] stage_45_baseline_pinn.pth 불러옴 → 건너뜀

[2단계] stage_90_baseline_pinn.pth 불러옴 → 건너뜀

[3단계] stage_135_baseline_pinn.pth 불러옴 → 건너뜀

[4단계] stage_180_baseline_pinn.pth 불러옴 → 건너뜀

최종 저장: curriculum_baseline_pinn.pth

[3] PINN + Context + SAC
마킹 데이터 497개 불러옴
PINN 모델 로드 완료

========================================
=== 마킹 SAC Curriculum Learning ===
========================================

[1단계] stage_45_marking_pinn_ctx.pth 불러옴 → 건너뜀

[2단계] stage_90_marking_pinn_ctx.pth 불러옴 → 건너뜀

[3단계] 시작각도=135도 | 3000에피소드

  [시작각도=135도] 3000에피소드 학습...
    ep=100 | 전환성공률=14%/100
    ep=200 | 전환성공률=0%/100
    ep=300 | 전환성공률=0%/100
    ep=400 | 전환성공률=0%/100
    ep=500 | 전환성공률=0%/100
    ep=600 | 전환성공률=0%/100
    ep=700 | 전환성공률=0%/100
    ep=800 | 전환성공률=0%/100
    ep=900 | 전환성공률=0%/100
    ep=1000 | 전환성공률=0%/100
    ep=1100 | 전환성공률=0%/100
    ep=1200 | 전환성공률=0%/100
    ep=1300 | 전환성공률=0%/100
    ep=1400 | 전환성공률=0%/100
    ep=1500 | 전환성공률=0%/100
    ep=1600 | 전환성공률=0%/100
    ep=1700 | 전환성공률=0%/100
    ep=1800 | 전환성공률=0%/100
    ep=1900 | 전환성공률=0%/100
    ep=2000 | 전환성공률=0%/100
    ep=2100 | 전환성공률=0%/100
    ep=2200 | 전환성공률=0%/100
    ep=2300 | 전환성공률=0%/100
    ep=2400 | 전환성공률=0%/100
    ep=2500 | 전환성공률=0%/100
    ep=2600 | 전환성공률=0%/100
    ep=2700 | 전환성공률=0%/100
    ep=2800 | 전환성공률=0%/100
    ep=2900 | 전환성공률=0%/100
    ep=3000 | 전환성공률=0%/100
  → 저장: stage_135_marking_pinn_ctx.pth
  → 최종 전환성공률: 0.5%
  [3단계 완료] 성공률=0.5%

[4단계] 시작각도=180도 | 1000에피소드

  [시작각도=180도] 1000에피소드 학습...
    ep=100 | 전환성공률=0%/100
    ep=200 | 전환성공률=0%/100
    ep=300 | 전환성공률=0%/100
    ep=400 | 전환성공률=0%/100
    ep=500 | 전환성공률=0%/100
    ep=600 | 전환성공률=0%/100
    ep=700 | 전환성공률=0%/100
    ep=800 | 전환성공률=0%/100
    ep=900 | 전환성공률=0%/100
    ep=1000 | 전환성공률=0%/100
  → 저장: stage_180_marking_pinn_ctx.pth
  → 최종 전환성공률: 0.0%
  [4단계 완료] 성공률=0.0%

최종 저장: curriculum_marking_pinn_ctx.pth

그래프 저장: pinn_curriculum_comparison.png

===== 최종 요약 =====
                                    4단계 성공률      전체 전환
SAC 기본                                 0.0%          0회
PINN + SAC                             0.0%          0회
PINN + Context + SAC                   0.0%         14회
