/home/jrkim/cartpole_env/lib/python3.12/site-packages/pygame/pkgdata.py:25: UserWarning: pkg_resources is deprecated as an API. See https://setuptools.pypa.io/en/latest/pkg_resources.html. The pkg_resources package is slated for removal as early as 2025-11-30. Refrain from using this package or pin to Setuptools<81.
  from pkg_resources import resource_stream, resource_exists

시드: 123

==================================================
온톨로지 기반 Curriculum SAC 비교 실험
==================================================

[1] 기본 SAC

========================================
=== 기본 SAC Curriculum Learning ===
========================================

[1단계] 시작각도=45도 | 500에피소드

  [시작각도=45도] 500에피소드 학습...
    ep=100 | 전환성공률=8%/100
    ep=200 | 전환성공률=3%/100
    ep=300 | 전환성공률=23%/100
    ep=400 | 전환성공률=75%/100
    ep=500 | 전환성공률=100%/100
  → 저장: stage_45_baseline_base.pth
  → 최종 전환성공률: 41.8%
  [1단계 완료] 성공률=41.8%

[2단계] 시작각도=90도 | 1000에피소드

  [시작각도=90도] 1000에피소드 학습...
    ep=100 | 전환성공률=80%/100
    ep=200 | 전환성공률=100%/100
    ep=300 | 전환성공률=100%/100
    ep=400 | 전환성공률=100%/100
    ep=500 | 전환성공률=100%/100
    ep=600 | 전환성공률=80%/100
    ep=700 | 전환성공률=96%/100
    ep=800 | 전환성공률=100%/100
    ep=900 | 전환성공률=100%/100
    ep=1000 | 전환성공률=99%/100
  → 저장: stage_90_baseline_base.pth
  → 최종 전환성공률: 95.5%
  [2단계 완료] 성공률=95.5%

[3단계] 시작각도=135도 | 700에피소드

  [시작각도=135도] 700에피소드 학습...
    ep=100 | 전환성공률=61%/100
    ep=200 | 전환성공률=91%/100
    ep=300 | 전환성공률=80%/100
    ep=400 | 전환성공률=54%/100
    ep=500 | 전환성공률=80%/100
    ep=600 | 전환성공률=27%/100
    ep=700 | 전환성공률=41%/100
  → 저장: stage_135_baseline_base.pth
  → 최종 전환성공률: 62.0%
  [3단계 완료] 성공률=62.0%

[4단계] 시작각도=180도 | 1000에피소드

  [시작각도=180도] 1000에피소드 학습...
    ep=100 | 전환성공률=24%/100
    ep=200 | 전환성공률=3%/100
    ep=300 | 전환성공률=0%/100
    ep=400 | 전환성공률=0%/100
    ep=500 | 전환성공률=0%/100
    ep=600 | 전환성공률=0%/100
    ep=700 | 전환성공률=0%/100
    ep=800 | 전환성공률=0%/100
    ep=900 | 전환성공률=0%/100
    ep=1000 | 전환성공률=0%/100
  → 저장: stage_180_baseline_base.pth
  → 최종 전환성공률: 2.7%
  [4단계 완료] 성공률=2.7%

최종 저장: curriculum_baseline_base.pth

[2] PINN + SAC

========================================
=== 기본 SAC Curriculum Learning ===
========================================

[1단계] 시작각도=45도 | 500에피소드

  [시작각도=45도] 500에피소드 학습...
    ep=100 | 전환성공률=100%/100
    ep=200 | 전환성공률=100%/100
    ep=300 | 전환성공률=100%/100
    ep=400 | 전환성공률=100%/100
    ep=500 | 전환성공률=100%/100
  → 저장: stage_45_baseline_onto.pth
  → 최종 전환성공률: 100.0%
  [1단계 완료] 성공률=100.0%

[2단계] 시작각도=90도 | 1000에피소드

  [시작각도=90도] 1000에피소드 학습...
    ep=100 | 전환성공률=100%/100
    ep=200 | 전환성공률=100%/100
    ep=300 | 전환성공률=100%/100
    ep=400 | 전환성공률=100%/100
    ep=500 | 전환성공률=100%/100
    ep=600 | 전환성공률=100%/100
    ep=700 | 전환성공률=100%/100
    ep=800 | 전환성공률=100%/100
    ep=900 | 전환성공률=100%/100
    ep=1000 | 전환성공률=100%/100
  → 저장: stage_90_baseline_onto.pth
  → 최종 전환성공률: 100.0%
  [2단계 완료] 성공률=100.0%

[3단계] 시작각도=135도 | 700에피소드

  [시작각도=135도] 700에피소드 학습...
    ep=100 | 전환성공률=56%/100
    ep=200 | 전환성공률=85%/100
    ep=300 | 전환성공률=99%/100
    ep=400 | 전환성공률=100%/100
    ep=500 | 전환성공률=100%/100
    ep=600 | 전환성공률=100%/100
    ep=700 | 전환성공률=100%/100
  → 저장: stage_135_baseline_onto.pth
  → 최종 전환성공률: 91.4%
  [3단계 완료] 성공률=91.4%

[4단계] 시작각도=180도 | 1000에피소드

  [시작각도=180도] 1000에피소드 학습...
    ep=100 | 전환성공률=0%/100
    ep=200 | 전환성공률=0%/100
    ep=300 | 전환성공률=0%/100
    ep=400 | 전환성공률=0%/100
    ep=500 | 전환성공률=0%/100
    ep=600 | 전환성공률=0%/100
    ep=700 | 전환성공률=0%/100
    ep=800 | 전환성공률=0%/100
    ep=900 | 전환성공률=0%/100
    ep=1000 | 전환성공률=0%/100
  → 저장: stage_180_baseline_onto.pth
  → 최종 전환성공률: 0.0%
  [4단계 완료] 성공률=0.0%

최종 저장: curriculum_baseline_onto.pth

[3] PINN + Context + SAC
마킹 데이터 34개 불러옴
PINN 모델 로드 완료

========================================
=== 마킹 SAC Curriculum Learning ===
========================================

[1단계] 시작각도=45도 | 500에피소드

  [시작각도=45도] 500에피소드 학습...
    ep=100 | 전환성공률=46%/100
    ep=200 | 전환성공률=0%/100
    ep=300 | 전환성공률=23%/100
    ep=400 | 전환성공률=0%/100
    ep=500 | 전환성공률=63%/100
  → 저장: stage_45_marking_pinn_ctx.pth
  → 최종 전환성공률: 26.4%
  [1단계 완료] 성공률=26.4%

[2단계] 시작각도=90도 | 1000에피소드

  [시작각도=90도] 1000에피소드 학습...
    ep=100 | 전환성공률=100%/100
    ep=200 | 전환성공률=95%/100
    ep=300 | 전환성공률=40%/100
    ep=400 | 전환성공률=100%/100
    ep=500 | 전환성공률=100%/100
    ep=600 | 전환성공률=100%/100
    ep=700 | 전환성공률=100%/100
    ep=800 | 전환성공률=100%/100
    ep=900 | 전환성공률=100%/100
    ep=1000 | 전환성공률=100%/100
  → 저장: stage_90_marking_pinn_ctx.pth
  → 최종 전환성공률: 93.5%
  [2단계 완료] 성공률=93.5%

[3단계] 시작각도=135도 | 700에피소드

  [시작각도=135도] 700에피소드 학습...
    ep=100 | 전환성공률=78%/100
    ep=200 | 전환성공률=100%/100
    ep=300 | 전환성공률=97%/100
    ep=400 | 전환성공률=100%/100
    ep=500 | 전환성공률=100%/100
    ep=600 | 전환성공률=100%/100
    ep=700 | 전환성공률=100%/100
  → 저장: stage_135_marking_pinn_ctx.pth
  → 최종 전환성공률: 96.4%
  [3단계 완료] 성공률=96.4%

[4단계] 시작각도=180도 | 1000에피소드

  [시작각도=180도] 1000에피소드 학습...
    ep=100 | 전환성공률=100%/100
    ep=200 | 전환성공률=100%/100
    ep=300 | 전환성공률=100%/100
    ep=400 | 전환성공률=100%/100
    ep=500 | 전환성공률=100%/100
    ep=600 | 전환성공률=100%/100
    ep=700 | 전환성공률=100%/100
    ep=800 | 전환성공률=100%/100
    ep=900 | 전환성공률=100%/100
    ep=1000 | 전환성공률=100%/100
  → 저장: stage_180_marking_pinn_ctx.pth
  → 최종 전환성공률: 100.0%
  [4단계 완료] 성공률=100.0%

최종 저장: curriculum_marking_pinn_ctx.pth
/home/jrkim/cartpole_project/curriculum_pinn.py:588: UserWarning: Glyph 50728 (\N{HANGUL SYLLABLE ON}) missing from font(s) DejaVu Sans.
  plt.tight_layout()
/home/jrkim/cartpole_project/curriculum_pinn.py:588: UserWarning: Glyph 53672 (\N{HANGUL SYLLABLE TOL}) missing from font(s) DejaVu Sans.
  plt.tight_layout()
/home/jrkim/cartpole_project/curriculum_pinn.py:588: UserWarning: Glyph 47196 (\N{HANGUL SYLLABLE RO}) missing from font(s) DejaVu Sans.
  plt.tight_layout()
/home/jrkim/cartpole_project/curriculum_pinn.py:588: UserWarning: Glyph 51648 (\N{HANGUL SYLLABLE JI}) missing from font(s) DejaVu Sans.
  plt.tight_layout()
/home/jrkim/cartpole_project/curriculum_pinn.py:588: UserWarning: Glyph 44592 (\N{HANGUL SYLLABLE GI}) missing from font(s) DejaVu Sans.
  plt.tight_layout()
/home/jrkim/cartpole_project/curriculum_pinn.py:588: UserWarning: Glyph 48152 (\N{HANGUL SYLLABLE BAN}) missing from font(s) DejaVu Sans.
  plt.tight_layout()
/home/jrkim/cartpole_project/curriculum_pinn.py:588: UserWarning: Glyph 48708 (\N{HANGUL SYLLABLE BI}) missing from font(s) DejaVu Sans.
  plt.tight_layout()
/home/jrkim/cartpole_project/curriculum_pinn.py:588: UserWarning: Glyph 44368 (\N{HANGUL SYLLABLE GYO}) missing from font(s) DejaVu Sans.
  plt.tight_layout()
/home/jrkim/cartpole_project/curriculum_pinn.py:588: UserWarning: Glyph 48376 (\N{HANGUL SYLLABLE BON}) missing from font(s) DejaVu Sans.
  plt.tight_layout()
/home/jrkim/cartpole_project/curriculum_pinn.py:589: UserWarning: Glyph 50728 (\N{HANGUL SYLLABLE ON}) missing from font(s) DejaVu Sans.
  plt.savefig('/home/jrkim/cartpole_project/pinn_curriculum_comparison.png',
/home/jrkim/cartpole_project/curriculum_pinn.py:589: UserWarning: Glyph 53672 (\N{HANGUL SYLLABLE TOL}) missing from font(s) DejaVu Sans.
  plt.savefig('/home/jrkim/cartpole_project/pinn_curriculum_comparison.png',
/home/jrkim/cartpole_project/curriculum_pinn.py:589: UserWarning: Glyph 47196 (\N{HANGUL SYLLABLE RO}) missing from font(s) DejaVu Sans.
  plt.savefig('/home/jrkim/cartpole_project/pinn_curriculum_comparison.png',
/home/jrkim/cartpole_project/curriculum_pinn.py:589: UserWarning: Glyph 51648 (\N{HANGUL SYLLABLE JI}) missing from font(s) DejaVu Sans.
  plt.savefig('/home/jrkim/cartpole_project/pinn_curriculum_comparison.png',
/home/jrkim/cartpole_project/curriculum_pinn.py:589: UserWarning: Glyph 44592 (\N{HANGUL SYLLABLE GI}) missing from font(s) DejaVu Sans.
  plt.savefig('/home/jrkim/cartpole_project/pinn_curriculum_comparison.png',
/home/jrkim/cartpole_project/curriculum_pinn.py:589: UserWarning: Glyph 48152 (\N{HANGUL SYLLABLE BAN}) missing from font(s) DejaVu Sans.
  plt.savefig('/home/jrkim/cartpole_project/pinn_curriculum_comparison.png',
/home/jrkim/cartpole_project/curriculum_pinn.py:589: UserWarning: Glyph 48708 (\N{HANGUL SYLLABLE BI}) missing from font(s) DejaVu Sans.
  plt.savefig('/home/jrkim/cartpole_project/pinn_curriculum_comparison.png',
/home/jrkim/cartpole_project/curriculum_pinn.py:589: UserWarning: Glyph 44368 (\N{HANGUL SYLLABLE GYO}) missing from font(s) DejaVu Sans.
  plt.savefig('/home/jrkim/cartpole_project/pinn_curriculum_comparison.png',
/home/jrkim/cartpole_project/curriculum_pinn.py:589: UserWarning: Glyph 48376 (\N{HANGUL SYLLABLE BON}) missing from font(s) DejaVu Sans.
  plt.savefig('/home/jrkim/cartpole_project/pinn_curriculum_comparison.png',

그래프 저장: pinn_curriculum_comparison.png

===== 최종 요약 =====
                                    4단계 성공률      전체 전환
SAC 기본                                 2.7%       1625회
SAC + 온톨로지                             0.0%       2140회
PINN + Context + SAC + 온톨로지          100.0%       2742회
