[Device] cuda
[PINN] ./uam_pinn_model.pth 로드 완료 → 가상 transition 생성 활성화
[Context DB] UAM 마킹 데이터 1084개 불러옴

==================================================
UAM VRS SAC 학습 시작
총 스테이지: 3개, 총 에피소드: 1000
==================================================


[Curriculum Stage 1] alt=(20.0, 40.0)m, max_steps=3000, episodes=200

Episode   10 | Avg Reward (10):  1487.44 | Buffer: 100000 | Alpha: 0.0067
Episode   20 | Avg Reward (10):  1478.58 | Buffer: 100000 | Alpha: 0.0118
Episode   30 | Avg Reward (10):  1454.26 | Buffer: 100000 | Alpha: 0.0204
Episode   40 | Avg Reward (10):  2061.03 | Buffer: 100000 | Alpha: 0.0343
Episode   50 | Avg Reward (10):   789.55 | Buffer: 100000 | Alpha: 0.0421

[Eval] Episode 50 | Eval Reward: -71.11

Episode   60 | Avg Reward (10):  1015.88 | Buffer: 100000 | Alpha: 0.1136
Episode   70 | Avg Reward (10): -15620.23 | Buffer: 100000 | Alpha: 5.8266
Episode   80 | Avg Reward (10): -27296.34 | Buffer: 100000 | Alpha: 7.3891
Episode   90 | Avg Reward (10): -24100.66 | Buffer: 100000 | Alpha: 7.3891
Episode  100 | Avg Reward (10): -17487.46 | Buffer: 100000 | Alpha: 7.3891

[Eval] Episode 100 | Eval Reward: -34260.26

[Save] ./uam_checkpoints/uam_sac_ep100.pth
Episode  110 | Avg Reward (10): -20357.61 | Buffer: 100000 | Alpha: 7.3891
Episode  120 | Avg Reward (10): -24919.47 | Buffer: 100000 | Alpha: 7.3891
Episode  130 | Avg Reward (10): -24133.00 | Buffer: 100000 | Alpha: 7.3891
Episode  140 | Avg Reward (10): -24446.76 | Buffer: 100000 | Alpha: 7.3891
Episode  150 | Avg Reward (10): -31807.23 | Buffer: 100000 | Alpha: 7.3891

[Eval] Episode 150 | Eval Reward: -34311.15

Episode  160 | Avg Reward (10): -31984.48 | Buffer: 100000 | Alpha: 7.3891
